
Circuit 1 cell sky130_fd_pr__nfet_g5v0d10v5 and Circuit 2 cell sky130_fd_pr__nfet_g5v0d10v5 are black boxes.
Warning: Equate pins:  cell sky130_fd_pr__nfet_g5v0d10v5 is a placeholder, treated as a black box.
Warning: Equate pins:  cell sky130_fd_pr__nfet_g5v0d10v5 is a placeholder, treated as a black box.

Subcircuit pins:
Circuit 1: sky130_fd_pr__nfet_g5v0d10v5    |Circuit 2: sky130_fd_pr__nfet_g5v0d10v5    
-------------------------------------------|-------------------------------------------
1                                          |1                                          
2                                          |2                                          
3                                          |3                                          
4                                          |4                                          
---------------------------------------------------------------------------------------
Cell pin lists are equivalent.
Device classes sky130_fd_pr__nfet_g5v0d10v5 and sky130_fd_pr__nfet_g5v0d10v5 are equivalent.

Circuit 1 cell sky130_fd_pr__pfet_g5v0d10v5 and Circuit 2 cell sky130_fd_pr__pfet_g5v0d10v5 are black boxes.
Warning: Equate pins:  cell sky130_fd_pr__pfet_g5v0d10v5 is a placeholder, treated as a black box.
Warning: Equate pins:  cell sky130_fd_pr__pfet_g5v0d10v5 is a placeholder, treated as a black box.

Subcircuit pins:
Circuit 1: sky130_fd_pr__pfet_g5v0d10v5    |Circuit 2: sky130_fd_pr__pfet_g5v0d10v5    
-------------------------------------------|-------------------------------------------
1                                          |1                                          
2                                          |2                                          
3                                          |3                                          
4                                          |4                                          
---------------------------------------------------------------------------------------
Cell pin lists are equivalent.
Device classes sky130_fd_pr__pfet_g5v0d10v5 and sky130_fd_pr__pfet_g5v0d10v5 are equivalent.

Circuit 1 cell sky130_fd_pr__cap_mim_m3_1 and Circuit 2 cell sky130_fd_pr__cap_mim_m3_1 are black boxes.
Warning: Equate pins:  cell sky130_fd_pr__cap_mim_m3_1 is a placeholder, treated as a black box.
Warning: Equate pins:  cell sky130_fd_pr__cap_mim_m3_1 is a placeholder, treated as a black box.

Subcircuit pins:
Circuit 1: sky130_fd_pr__cap_mim_m3_1      |Circuit 2: sky130_fd_pr__cap_mim_m3_1      
-------------------------------------------|-------------------------------------------
1                                          |1                                          
2                                          |2                                          
---------------------------------------------------------------------------------------
Cell pin lists are equivalent.
Device classes sky130_fd_pr__cap_mim_m3_1 and sky130_fd_pr__cap_mim_m3_1 are equivalent.
Flattening unmatched subcell sky130_fd_pr__nfet_g5v0d10v5_YBGU8J in circuit opamp (0)(1 instance)
Flattening unmatched subcell sky130_fd_pr__pfet_g5v0d10v5_HEFLWT in circuit opamp (0)(1 instance)
Flattening unmatched subcell sky130_fd_pr__nfet_g5v0d10v5_3TRZRB in circuit opamp (0)(1 instance)
Flattening unmatched subcell sky130_fd_pr__pfet_g5v0d10v5_GM3SG7 in circuit opamp (0)(1 instance)
Flattening unmatched subcell sky130_fd_pr__pfet_g5v0d10v5_TL3SGF in circuit opamp (0)(1 instance)
Flattening unmatched subcell sky130_fd_pr__pfet_g5v0d10v5_WPQ6A5 in circuit opamp (0)(1 instance)
Flattening unmatched subcell sky130_fd_pr__nfet_g5v0d10v5_KXYP2B in circuit opamp (0)(1 instance)
Flattening unmatched subcell sky130_fd_pr__nfet_g5v0d10v5_F3XVAM in circuit opamp (0)(1 instance)
Flattening unmatched subcell sky130_fd_pr__nfet_g5v0d10v5_YB4TWH in circuit opamp (0)(1 instance)
Flattening unmatched subcell sky130_fd_pr__cap_mim_m3_1_BTG3QK in circuit opamp (0)(1 instance)

Class opamp (0):  Merged 7 parallel devices.
Subcircuit summary:
Circuit 1: opamp                           |Circuit 2: opamp                           
-------------------------------------------|-------------------------------------------
sky130_fd_pr__nfet_g5v0d10v5 (5)           |sky130_fd_pr__nfet_g5v0d10v5 (5)           
sky130_fd_pr__pfet_g5v0d10v5 (4)           |sky130_fd_pr__pfet_g5v0d10v5 (4)           
sky130_fd_pr__cap_mim_m3_1 (8->1)          |sky130_fd_pr__cap_mim_m3_1 (1)             
Number of devices: 10                      |Number of devices: 10                      
Number of nets: 9 **Mismatch**             |Number of nets: 10 **Mismatch**            
---------------------------------------------------------------------------------------
NET mismatches: Class fragments follow (with fanout counts):
Circuit 1: opamp                           |Circuit 2: opamp                           

---------------------------------------------------------------------------------------
Net: VSS                                   |Net: VSS                                   
  sky130_fd_pr__nfet_g5v0d10v5/4 = 5       |  sky130_fd_pr__nfet_g5v0d10v5/4 = 5       
  sky130_fd_pr__nfet_g5v0d10v5/(1|3) = 3   |  sky130_fd_pr__nfet_g5v0d10v5/(1|3) = 3   
  sky130_fd_pr__pfet_g5v0d10v5/2 = 1       |  sky130_fd_pr__pfet_g5v0d10v5/2 = 1       
  sky130_fd_pr__pfet_g5v0d10v5/4 = 4       |                                           
  sky130_fd_pr__pfet_g5v0d10v5/(1|3) = 3   |                                           
                                           |                                           
(no matching net)                          |Net: VDD                                   
                                           |  sky130_fd_pr__pfet_g5v0d10v5/(1|3) = 3   
                                           |  sky130_fd_pr__pfet_g5v0d10v5/4 = 4       
---------------------------------------------------------------------------------------
Netlists do not match.
Port matching may fail to disambiguate symmetries.

Subcircuit pins:
Circuit 1: opamp                           |Circuit 2: opamp                           
-------------------------------------------|-------------------------------------------
VSS                                        |VDD **Mismatch**                           
VP                                         |VP                                         
VN                                         |VN                                         
IBIAS                                      |IBIAS                                      
OUT                                        |OUT                                        
(no pin, node is VSS)                      |VSS                                        
---------------------------------------------------------------------------------------
Cell pin lists for opamp and opamp altered to match.
Device classes opamp and opamp are equivalent.

Final result: Top level cell failed pin matching.
