
Circuit 1 cell sky130_fd_pr__pfet_g5v0d10v5 and Circuit 2 cell sky130_fd_pr__pfet_g5v0d10v5 are black boxes.
Warning: Equate pins:  cell sky130_fd_pr__pfet_g5v0d10v5 is a placeholder, treated as a black box.
Warning: Equate pins:  cell sky130_fd_pr__pfet_g5v0d10v5 is a placeholder, treated as a black box.

Subcircuit pins:
Circuit 1: sky130_fd_pr__pfet_g5v0d10v5    |Circuit 2: sky130_fd_pr__pfet_g5v0d10v5    
-------------------------------------------|-------------------------------------------
1                                          |1                                          
2                                          |2                                          
3                                          |3                                          
4                                          |4                                          
---------------------------------------------------------------------------------------
Cell pin lists are equivalent.
Device classes sky130_fd_pr__pfet_g5v0d10v5 and sky130_fd_pr__pfet_g5v0d10v5 are equivalent.

Circuit 1 cell sky130_fd_pr__nfet_g5v0d10v5 and Circuit 2 cell sky130_fd_pr__nfet_g5v0d10v5 are black boxes.
Warning: Equate pins:  cell sky130_fd_pr__nfet_g5v0d10v5 is a placeholder, treated as a black box.
Warning: Equate pins:  cell sky130_fd_pr__nfet_g5v0d10v5 is a placeholder, treated as a black box.

Subcircuit pins:
Circuit 1: sky130_fd_pr__nfet_g5v0d10v5    |Circuit 2: sky130_fd_pr__nfet_g5v0d10v5    
-------------------------------------------|-------------------------------------------
1                                          |1                                          
2                                          |2                                          
3                                          |3                                          
4                                          |4                                          
---------------------------------------------------------------------------------------
Cell pin lists are equivalent.
Device classes sky130_fd_pr__nfet_g5v0d10v5 and sky130_fd_pr__nfet_g5v0d10v5 are equivalent.
Flattening unmatched subcell sky130_fd_pr__pfet_g5v0d10v5_9YPSFX in circuit komparator (0)(6 instances)
Flattening unmatched subcell sky130_fd_pr__nfet_g5v0d10v5_Q9M6JL in circuit komparator (0)(1 instance)
Flattening unmatched subcell sky130_fd_pr__nfet_g5v0d10v5_TMHSMU in circuit komparator (0)(1 instance)
Flattening unmatched subcell sky130_fd_pr__nfet_g5v0d10v5_M8BW5G in circuit komparator (0)(2 instances)
Flattening unmatched subcell sky130_fd_pr__nfet_g5v0d10v5_44FAKH in circuit komparator (0)(1 instance)

Class komparator (0):  Merged 9 parallel devices.
Subcircuit summary:
Circuit 1: komparator                      |Circuit 2: komparator                      
-------------------------------------------|-------------------------------------------
sky130_fd_pr__pfet_g5v0d10v5 (12->6)       |sky130_fd_pr__pfet_g5v0d10v5 (6)           
sky130_fd_pr__nfet_g5v0d10v5 (8->5)        |sky130_fd_pr__nfet_g5v0d10v5 (5)           
Number of devices: 11                      |Number of devices: 11                      
Number of nets: 11                         |Number of nets: 11                         
---------------------------------------------------------------------------------------
Resolving symmetries by property value.
Resolving symmetries by pin name.
Netlists match uniquely.

Subcircuit pins:
Circuit 1: komparator                      |Circuit 2: komparator                      
-------------------------------------------|-------------------------------------------
OUT                                        |OUT                                        
B2                                         |B2                                         
REF                                        |REF                                        
IN                                         |IN                                         
B1                                         |B1                                         
VSS                                        |VSS                                        
VDD                                        |VDD                                        
---------------------------------------------------------------------------------------
Cell pin lists are equivalent.
Device classes komparator and komparator are equivalent.

Final result: Circuits match uniquely.
.
